M_Datum.dbf
M_ParDtm.dbf
M_Ellip.dbf
M_Geodes.dbf
M_IdOfic.dbf
M_IdOfic.csv
M_ParPrj.dbf
M_Prj.dbf
M_ValPrj.ini
lang_sin.dbf
language.dbf
m_kw.dbf
m_kw2rel.dbf
m_kw2usp.dbf
m_kw4usp.dbf
m_kwttip.dbf
m_kwtusp.dbf
m_kwtori.dbf
m_kw_fil.dbf
m_kw_par.dbf
m_kw_tip.dbf
m_wkss.ini
Tesaurus\DATA_QUALITY_FLAGS.dbf
Tesaurus\EMIS_ERROR_FLAG.dbf
Tesaurus\L8_QA_Confidence.dbf
Tesaurus\L8_QA_Presence.dbf
Tesaurus\L8_QA_Saturation.dbf
Tesaurus\L8_QA_Yes_No.dbf
Tesaurus\L457_QA_Confidence.dbf
Tesaurus\LST_ERROR_FLAG.dbf
Tesaurus\MANDATORY_QA_FLAGS.dbf